// Jest Snapshot v1, https://goo.gl/fbAQLP

exports[`SesonCard.vue renders props when passed 1`] = `
<v-col-stub cols="12" md="3" tag="div">
  <h2>Spring</h2>
  <h3>February 1, 3, 4</h3>
</v-col-stub>
`;
